23:07:32 **** Incremental Build of configuration Debug for project stm32-uds-bootloader ****
make -j8 all 
arm-none-eabi-gcc "../Src/main.c" -mcpu=cortex-m4 -std=gnu11 -g3 -DDEBUG -DSTM32F407xx -DSTM32 -DSTM32F407G_DISC1 -DSTM32F4 -DSTM32F407VGTx -c -I../Drivers/CMSIS/Device/ST/STM32F4xx/Include -I../Drivers/CMSIS/Include -I../Inc -O0 -ffunction-sections -fdata-sections -Wall -fstack-usage -fcyclomatic-complexity -MMD -MP -MF"Src/main.d" -MT"Src/main.o" --specs=nano.specs -mfpu=fpv4-sp-d16 -mfloat-abi=hard -mthumb -o "Src/main.o"
arm-none-eabi-gcc -o "stm32-uds-bootloader.elf" @"objects.list"   -mcpu=cortex-m4 -T"D:\project_bootloader_uds\stm32-uds-bootloader\STM32F407VGTX_FLASH.ld" --specs=nosys.specs -Wl,-Map="stm32-uds-bootloader.map" -Wl,--gc-sections -static --specs=nano.specs -mfpu=fpv4-sp-d16 -mfloat-abi=hard -mthumb -Wl,--start-group -lc -lm -Wl,--end-group
Finished building target: stm32-uds-bootloader.elf
 
arm-none-eabi-size  stm32-uds-bootloader.elf 
arm-none-eabi-objdump -h -S stm32-uds-bootloader.elf  > "stm32-uds-bootloader.list"
   text	   data	    bss	    dec	    hex	filename
   1116	      4	   1564	   2684	    a7c	stm32-uds-bootloader.elf
Finished building: default.size.stdout
 
Finished building: stm32-uds-bootloader.list
 
23:08:18 **** Incremental Build of configuration Debug for project stm32-uds-bootloader ****
make -j8 all 
arm-none-eabi-size  stm32-uds-bootloader.elf 
   text	   data	    bss	    dec	    hex	filename
   1116	      4	   1564	   2684	    a7c	stm32-uds-bootloader.elf
Finished building: default.size.stdout
 
